{
  "version": "1.5.0",
  "plugins_used": [
    {
      "name": "ArtifactoryDetector"
    },
    {
      "name": "AWSKeyDetector"
    },
    {
      "name": "AzureStorageKeyDetector"
    },
    {
      "name": "Base64HighEntropyString",
      "limit": 4.5
    },
    {
      "name": "BasicAuthDetector"
    },
    {
      "name": "CloudantDetector"
    },
    {
      "name": "DiscordBotTokenDetector"
    },
    {
      "name": "GitHubTokenDetector"
    },
    {
      "name": "GitLabTokenDetector"
    },
    {
      "name": "HexHighEntropyString",
      "limit": 3.0
    },
    {
      "name": "IbmCloudIamDetector"
    },
    {
      "name": "IbmCosHmacDetector"
    },
    {
      "name": "IPPublicDetector"
    },
    {
      "name": "JwtTokenDetector"
    },
    {
      "name": "KeywordDetector",
      "keyword_exclude": ""
    },
    {
      "name": "MailchimpDetector"
    },
    {
      "name": "NpmDetector"
    },
    {
      "name": "OpenAIDetector"
    },
    {
      "name": "PrivateKeyDetector"
    },
    {
      "name": "PypiTokenDetector"
    },
    {
      "name": "SendGridDetector"
    },
    {
      "name": "SlackDetector"
    },
    {
      "name": "SoftlayerDetector"
    },
    {
      "name": "SquareOAuthDetector"
    },
    {
      "name": "StripeDetector"
    },
    {
      "name": "TelegramBotTokenDetector"
    },
    {
      "name": "TwilioKeyDetector"
    }
  ],
  "filters_used": [
    {
      "path": "detect_secrets.filters.allowlist.is_line_allowlisted"
    },
    {
      "path": "detect_secrets.filters.common.is_baseline_file",
      "filename": ".secrets.baseline"
    },
    {
      "path": "detect_secrets.filters.common.is_ignored_due_to_verification_policies",
      "min_level": 2
    },
    {
      "path": "detect_secrets.filters.heuristic.is_indirect_reference"
    },
    {
      "path": "detect_secrets.filters.heuristic.is_likely_id_string"
    },
    {
      "path": "detect_secrets.filters.heuristic.is_lock_file"
    },
    {
      "path": "detect_secrets.filters.heuristic.is_not_alphanumeric_string"
    },
    {
      "path": "detect_secrets.filters.heuristic.is_potential_uuid"
    },
    {
      "path": "detect_secrets.filters.heuristic.is_prefixed_with_dollar_sign"
    },
    {
      "path": "detect_secrets.filters.heuristic.is_sequential_string"
    },
    {
      "path": "detect_secrets.filters.heuristic.is_swagger_file"
    },
    {
      "path": "detect_secrets.filters.heuristic.is_templated_secret"
    }
  ],
  "results": {
    "langgraph-agent/secrets/example-secrets.yaml": [
      {
        "type": "Secret Keyword",
        "filename": "langgraph-agent/secrets/example-secrets.yaml",
        "hashed_secret": "eaf63344da29212bc853c9e39e9f7cdc3971a23b",
        "is_verified": false,
        "line_number": 17
      },
      {
        "type": "Secret Keyword",
        "filename": "langgraph-agent/secrets/example-secrets.yaml",
        "hashed_secret": "7a5f7f2fa5f2b54716822ac06e634e6aed4c1af1",
        "is_verified": false,
        "line_number": 56
      }
    ],
    "langgraph-agent/src/models/llm_outputs.py": [
      {
        "type": "Secret Keyword",
        "filename": "langgraph-agent/src/models/llm_outputs.py",
        "hashed_secret": "6bee239c144586b0e75da7f4476c5c4a0a3292b7",
        "is_verified": false,
        "line_number": 49
      }
    ],
    "tests/integration/test_pod_name_parsing.py": [
      {
        "type": "Base64 High Entropy String",
        "filename": "tests/integration/test_pod_name_parsing.py",
        "hashed_secret": "027873913855e3ada267e587ae1664049e5cf3b1",
        "is_verified": false,
        "line_number": 931
      }
    ]
  },
  "generated_at": "2026-03-05T13:13:10Z"
}
